// Jest Snapshot v1, https://goo.gl/fbAQLP

exports[`renders correctly 1`] = `
<div
  className="contact"
>
  <a
    href="1"
    onClick={[Function]}
  >
    <div
      className="name"
    >
      Batman
    </div>
  </a>
</div>
`;
